2 32 32
:ooo:::...::::::...:::ooo:..  ..
oooooo:::::oooo:::::oooooo:.  .:
oooooooooooooooooooooooooo:....:
oooooooooooooooooooooooooo:....:
:oooooooooooooooooooooooo::.  .:
:oooo:::::oooooo:::::oooo:..  ..
::ooo::::::::::::::::ooo::.    .
.:ooo:::..........:::ooo:..    .
.:ooo::..        ..::ooo:..    .
.:ooo::.          .::ooo:..    .
::oooo:.          .:oooo::.    .
:ooooo:.          .:ooooo:.    .
:ooooo:.          .:ooooo:.    .
:ooooo:.          .:ooooo:.    .
:ooooo:.          .:ooooo:.    .
::oooo:.          .:oooo::.    .
.:ooo::.          .::ooo:..    .
.:ooo::..        ..::ooo:..    .
.:ooo:::..........:::ooo:..    .
::ooo::::::::::::::::ooo::.    .
:oooo:::::oooooo:::::oooo:..  ..
:oooooooooooooooooooooooo::.  .:
oooooooooooooooooooooooooo:....:
oooooooooooooooooooooooooo:....:
oooooo:::::oooo:::::oooooo:.  .:
:ooo:::...::::::...:::ooo:..  ..
.::::................::::..    .
......              ......      
  ..                  ..        
  ..                  ..        
......              ......      
.::::................::::..    .
169.19
