8 8
7.0 10.0 2.0 14.0 2.0 7.0 7.0 9.0
3.0 11.0 3.0 13.0 3.0 3.0 3.0 5.0
0.709 0.794 0.609 0.816 0.995 0.52 0.709 0.578
0.291 0.206 0.391 0.184 0.005 0.48 0.291 0.422
0.0 2.0 5.0 0.0
1.0 0.0 3.0 0.0
1.0 1.0 1.0 0.0
1.0 1.0 0.0 0.0
 9.0  9.0  9.0  9.0  9.0  9.0  9.0  9.0  9.0  9.0 11.0 11.0 11.0 11.0 11.0 11.0 11.0 11.0 11.0 11.0 11.0 11.0 11.0 11.0  1.0  1.0  1.0  1.0 1.0 1.0 1.0 1.0 1.0 1.0 1.0 1.0 1.0 1.0 1.0 1.0 1.0 2.0 2.0 2.0 2.0 2.0 2.0 2.0 2.0 2.0 2.0 2.0 2.0 2.0 2.0 2.0 2.0 2.0 2.0 2.0 2.0
11.0 11.0 11.0 11.0 11.0 11.0 11.0 11.0 11.0 11.0  9.0  9.0  9.0  9.0  9.0  9.0  9.0  9.0 10.0 10.0 10.0  1.0  1.0  1.0 11.0 11.0 11.0 11.0 3.0 3.0 3.0 2.0 2.0 2.0 2.0 2.0 2.0 2.0 2.0 2.0 2.0 1.0 1.0 1.0 1.0 1.0 1.0 1.0 3.0 3.0 3.0 3.0 3.0 3.0 3.0 3.0 3.0 3.0 3.0 3.0 3.0
0.2 0.36 0.42 0.48 0.56 0.62 0.82 0.96
abcccccccccccccccccccccc
aacccccccccccccccccccccc
aaaccccccccccccccccccccc
aaaccccccccccccccccccccc
aaaacccccccccccccccccccc
aaaacccccccccccccccccccc
aaaaaccccccccccccccccccc
aaaaaccccccccccccccccccc
daaaaacccccccccccccccccc
ddaaaacccccccccccccccccc
dddaaaaccccccccccccccccc
edddaaaccccccccccccccccc
eedddaaacccccccccccccccc
eeefddaaggcccccccccccccc
eeeefddaaggccccccccccccc
eeeeeffdaggggccccccccccc
eeeeefffdgggggcccccccccc
hhheeeffffggggggcccccccc
hhhhhheiiijkkggggccccccc
hhhhlllmmijnnkkkgggccccc
hlllllllmmmjnnooookgcccc
lllllllllmmmjnnooooooopc
lllllllllmmmmjnnoooooooq
llllllllllmmmmjnnooooooo
