2 22 64
3 22 64
                                                                
                                                                
                              ..                                
                            ..@@%.                              
                        .....@+-:....                           
                     ..@:@*@:-@++@@:-@.                         
          .@:.........:%+@@@@@++#@@**=....                      
         ..-=@#@@...:@@@@@@@@@@@@@@@@@:...........@.            
     ...:@@@@@@@@:::@@*+++*@%@@@@@@@@@::...::%@@:@@..           
  ..@@@:#+=+@@@@*--@#**+====@@@@@@@@@@::::@@@@@@@@@@*...        
  .@:@@+*@-=@@@@+==@@@%@=--=%%@@@@@@@---@@*++++@@@@@@:..-:@.    
    .@:-..:@@@@@@++++*@@---@@@@@@@%%=--=@%@@@==+@@@@=-@*+@@:@.  
        ...*@@@@@@@@@@::::@@@@@@@@@@====+**#@--*@@@@+=+#:@@@..  
           ..@@:@@%::...::@@@@@@@@@%@*+++*@@:::@@@@@@@@:...     
            .@...........:@@@@@@@@@@@@@@@@@:...@@#@=-..         
                      ....=**@@#++@@@@@+%:.........:@.          
                         .@-:@@++@-:@*@:@..                     
                           ....:-+@.....                        
                              .%@@..                            
                                ..                              
                                                                
                                                                
                         ...-...                                
                        .....::...                              
                      ....:-=@=:-....                           
                   .......-@@@@@:......                         
               ....:*-::%-=@@@@@@@+:..::.                       
          .........:*@@@@@@@@@@@@@@@=@@:..                      
     ............:#@@@@@@@@@@@@@@@@@@@-:...                     
  ....:::.:-:...:*@@@@@@@@@@@@@@@@@@@@@@=..                     
.......:#@@@@@+::@@@@@@@@@@@@@@@@@@@@@@@:..                     
...::::@@@@@@@@@=@@@@@@@@@@@@@@@@@@@@@@@...                     
..:-=@@@@@@@@@@@@@@@@@@@@@@@@@@@@@@@@@@....                     
..:-=@@@@@@@@@@@@@@@@@@@@@@@@@@@@@@@@@@....                     
...::::@@@@@@@@@=@@@@@@@@@@@@@@@@@@@@@@@...                     
.......:#@@@@@+::@@@@@@@@@@@@@@@@@@@@@@@:..                     
  ....:::.:-:...:*@@@@@@@@@@@@@@@@@@@@@@=..                     
     ............:#@@@@@@@@@@@@@@@@@@@-:...                     
          .........:*@@@@@@@@@@@@@@@=@@:..                      
               ....:*-::%-=@@@@@@@+:..::.                       
                   .......-@@@@@:......                         
                      ....:-=@=:-....                           
                        .....::...                              
                         ...-...                                
