----+-++-+++..+-
..+--++-..--..++
+-....+.+-+.---+
--.-..+.+.++..-+
++-.++++--..+..-
.---+..+-.++-.+-
+.--+--+--++...-
.-..+-..+-++-.-+
..++.-+.++.+-..+
.-++-..-++-.-..+
..+.+++-++--.-++
----+-+--+++-.+.
+.++..-+-+-....-
.-++.--..+-....+
.+.+-..+-+--+-+-
-+-+.-...-+++.-.
0.717 1.0 0.0 0.717 0.993 0.008 0.717 0.986 0.211 1.0 0.722 31.656
10752.0 5376.0 2688.0 532.547
227.0
aacccccccccc
aaaccccccccc
aaaaaaaccccc
aaaaaaacccbb
aaaabaacbbbb
aaabbbbbbbbb
aabbbbbbbbbb
aabbbbbbbbbb
abbbbbbbbbbb
abbbbbbbbbbb
abbbbbbbbbbb
bbbbbbbbbbbb
aaaacccccccc
aaaaaccccccc
aaaaaaaccccc
aaaaaaaacccc
aaaabaaacccc
aaabbbaacccc
aaabbccacccc
aaabbcccccbb
aabbbccccbbb
aabbbbbbbbbb
aabbbbbbbbbb
abbbbbbbbbbb
