24 64
3 24 64
                                 .......::.......               
                              ..........:--+:......             
                           ............--*@=::.......           
                         ............::=@@@@@-:.......          
                      .........::-::::-=@@@@=-:::...:..         
                    ..........:@=@@=*@@@@@@@@@@@--*-#=..        
                 ............::--*@@@@@@@@@@@@@@@@@@=:...       
            .....-:.......::::=@@@@@@@@@@@@@@@@@@@@@=::...      
       ..........:---:+--:::-=@@@@@@@@@@@@@@@@@@@@@@@%#...      
    ............::-*@@@@@@@--@@@@@@@@@@@@@@@@@@@@@@@@@:....     
   ..........:-::-#@@@@@@@@@*@@@@@@@@@@@@@@@@@@@@@@@@=.....     
  ....:::::::-**@@@@@@@@@@@@@@@@@@@@@@@@@@@@@@@@@@@@::.....     
  ....:::::::-**@@@@@@@@@@@@@@@@@@@@@@@@@@@@@@@@@@@@::.....     
   ..........:-::-#@@@@@@@@@*@@@@@@@@@@@@@@@@@@@@@@@@=.....     
    ............::-*@@@@@@@--@@@@@@@@@@@@@@@@@@@@@@@@@:....     
       ..........:---:+--:::-=@@@@@@@@@@@@@@@@@@@@@@@%#...      
            .....-:.......::::=@@@@@@@@@@@@@@@@@@@@@=::...      
                 ............::--*@@@@@@@@@@@@@@@@@@=:...       
                    ..........:@=@@=*@@@@@@@@@@@--*-#=..        
                      .........::-::::-=@@@@=-:::...:..         
                         ............::=@@@@@-:.......          
                           ............--*@=::.......           
                              ..........:--+:......             
                                 .......::.......               
0.0 -0.75 -0.1975 -0.71349375 -0.2552667312109375 -0.6898631188629565
0.0 0.1 -0.05000000000000002 0.11975000000000001 -0.07088175312500003 0.13618750684543884
