3 3 20 40
10 20
........................................
........................................
........................................
........................................
......#####*###.........................
....###******###*.....==++====+++.......
...####*#####*####....+=+===++++=.......
...###**#######*##....+++=++++++=.......
..**##*#*######*###...+++++++++++.......
..##**#***#*#***###...++=+++=++==.......
..##**#*##***###*##...+===++++==+.......
...#**#**######*##....===+++++++=.......
...######*#*#*##**....++=+++==++=.......
....###*###*##**#.....=++++==++=+.......
......########*.......+=+=+++=+=+.......
........................................
........................................
........................................
........................................
........................................
                                        
                                        
      .........                         
    .-=+++++++=-.      .........        
  .-=**+++++++++=-.  .:---------:.      
  -+*=-:.....:-=*+-  :-----------:      
 .=+-.         .-*=. --.........--.     
 -+=.           .=*- --.       .--.     
.=*-             -*= --.       .--.     
.++:             :++ --.       .--.     
.=+-             -*= --.       .--.     
 -*=.           .=*- --.       .--.     
 .=+-.         .-+=..--.       .--.     
  -++=-:.....:-=++- .--.........--.     
  .-+**+++++++++=-.  :-----------:      
    .-=+++++++=-.    .:---------:.      
      .........         ........        
                                        
                                        
                                        
........................................
........................................
........................................
.....###########........................
...###############....###########.......
..#####.......#####..#############......
..###...........###..##.........##......
.###.............###.##.........##......
.###.............###.##.........##......
.###.............###.##.........##......
.###.............###.##.........##......
.###.............###.##.........##......
..###...........###..##.........##......
..#####......######..##.........##......
...###############...#############......
.....###########......###########.......
........................................
........................................
........................................
........................................
....................
..######............
.################...
###.....####....#...
##......####....#...
##......####....#...
.###..######....#...
.########.#######...
....................
....................
