3 36 72
        --=--                 #                                         
        --=--                 #                                         
        -===-                 #                                         
        -===- +   --    +++   #                                         
      ++ === +++ ---  ++++    #      ++    -                            
  -  +++ -=- +*+ --- ++++     #      ++++  --                      +    
 --- +**+-=-+**+ -- +**+  --  #   -   +++  --                      ++   
 --- +**+-=-***+-=- ***+ ---  #  ----  +++  -               +  --  ++   
 --- +**+-=-***+-=-+*** ---   #   ---- +++              --  ++ --  +++  
 ---- **+-=-+** ==-+*** -- +*+#    ---- ++    ++  -- ++ --  ++ --- +++  
 ---- +*+-=-+*+-== ***+ - ****# +++ ---       ++  -- ++ --- ++ --- +++  
 ---- +*+-=-+++-=-+*** - +****# ++++ --       ++ --- ++ --- +++ -- +++  
  --- +++ - ++ -- +**+ - ****+#- +*+ --    -- +++ -- +++--- +++ -- +++  
  ---  ++  +*+   +***+--+***+-==- ++ -- ++ -- +++ -- +++--- +++ -- +++  
   --- +++ +*+   +*** - +*** ==== ++ -- ++ ---+++ ---+++ -- +++ -- +++  
   --- +++ +*+ - +**+ - ***+-===-++ -=- +*+--- *+ -=- ++ -- +++ -- +++  
    --  ++++*+---+**+ -+***+-=#  ++ -== **+-=- **+-=- ++ -- +++ -- +++  
    ---  + ++ -=- **+- +***+--# +** === **+-=- **+-=- ++ -- +++ --  ++  
    ---  + ++ -=- **+- +***+--# +** === **+-=- **+-=- ++ -- +++ --  ++  
    --  ++++*+---+**+ -+***+-=#  ++ -== **+-=- **+-=- ++ -- +++ -- +++  
   --- +++ +*+ - +**+ - ***+-===-++ -=- +*+--- *+ -=- ++ -- +++ -- +++  
   --- +++ +*+   +*** - +*** ==== ++ -- ++ ---+++ ---+++ -- +++ -- +++  
  ---  ++  +*+   +***+--+***+-==- ++ -- ++ -- +++ -- +++--- +++ -- +++  
  --- +++ - ++ -- +**+ - ****+#- +*+ --    -- +++ -- +++--- +++ -- +++  
 ---- +*+-=-+++-=-+*** - +****# ++++ --       ++ --- ++ --- +++ -- +++  
 ---- +*+-=-+*+-== ***+ - ****# +++ ---       ++  -- ++ --- ++ --- +++  
 ---- **+-=-+** ==-+*** -- +*+#    ---- ++    ++  -- ++ --  ++ --- +++  
 --- +**+-=-***+-=-+*** ---   #   ---- +++              --  ++ --  +++  
 --- +**+-=-***+-=- ***+ ---  #  ----  +++  -               +  --  ++   
 --- +**+-=-+**+ -- +**+  --  #   -   +++  --                      ++   
  -  +++ -=- +*+ --- ++++     #      ++++  --                      +    
      ++ === +++ ---  ++++    #      ++    -                            
        -===- +   --    +++   #                                         
        -===-                 #                                         
        --=--                 #                                         
        --=--                 #                                         
