325
325
1000
0
  .. ...  . .  . . ......   . . . .. .. ..    . 
   . ... ...     .    .. . . .  ....   ....     
...    .      . ..  . ..  ..  . . . ....  . ... 
   .. .  ....   ........  . .    .. .    .. ....
.     ...  .... . .     .  .. .. . ...    ... . 
. ...  +++++++++++ .. ....  -------------   . ..
...   *++++++++++++       ..-------------...    
... +++++++++++++++++. .....-------------   ....
.   +++++++++++++*+++    ...-------------.      
...+++++++++++++++*+*+. .  .-------------.  .   
...+++++++++++++++++++ .   .------------- . . ..
...+++++++++++++++++++. ..  -------------  .. . 
 . +++++++++++++++++*+.. .. -------------. . .  
 . +++++++++++++++++++      -------------.. . . 
    +++++++++++++++++. .. ..-------------  ..  .
    +++++++++++++++++ .   ..-------------. . ...
  . ..+++*+++++++++ .    .  -------------.   .. 
.    ..+++++++++++    . .. .-------------   . ..
 .. ..   ... . . ..    . .. -------------      .
... .        ..... .. .  .       .   .  ...  . .
.        ..  ... ..  ... .   .  .. . ..     ..  
      ..  ....  ..   . ..... ... ....... . ... .
 .    . .. ..   ..  . . .....     ..  .  . .... 
.. .. .  .. ...... .. ...   .    .. .  .  ...   
 ....... ......... ......       ...    ...      
 ... ... ...     .   ...      . ....  ....      
...   .   .     ..   ...  .      .. ....    ....
.    ...   .... ........  ...    .....    ......
     ...:::::::::...    .  .....................
.... .:===========:.    .. .:::::::::::::.     .
.....:=+++++++++++=:..  ....:-----------:. ..  .
....-=+++++++++++++=-.  ....:-----------:.  ....
...:=+++++++++++++++=:.  ...:-----------:.  .   
...-+++++++++++++++++=.    .:-----------:..     
..:=+++++++++++++++++=:.   .:-----------:....  .
..:=+++++++++++++++++=:... .:-----------:. .... 
  :=+++++++++++++++++=:  . .:-----------:. ...  
  .-+++++++++++++++++-.    .:-----------:.....  
  .:=+++++++++++++++=:.   ..:-----------:....  .
   .-=+++++++++++++=-.    ..:-----------:. . .. 
   ..:=+++++++++++=:..     .:-----------:.    . 
    ..:==========-:.     ...:-----------:.     .
..  ....:::::::::..      ...:::::::::::::.     .
..  ..   ..  ..........  . ...............     .
         ..  ......  .....       .......     .  
      .. .....  ..   .........    ......   .... 
      ........  ..  ..........    .. ..  .....  
.........................         .      .....  
   . .. .           .     .                     
      .   . .. .  .:                   ..  .  . 
    .  ..        . .  ...                  . .  
 .   .=###########-     .  .=####**#**##*:   .. 
 .  .###############.     --.=**#**#+*#+-=.     
   =#################=.   +-######**##*##-+     
 .-###################+   *-##***#****+##=*     
  ######.    .   ######. .**#*         +### ..  
 +####+..      . -+##*#+  ****... ..  .##*#.  . 
 ####=  . .      . =#### .#*#*   .   :.*#+#   . 
 #### .      .      #### .#*#*   .. .. +**#     
 ####      .        #### .*#**      . .+###     
 ####.   .         .#### .*#*#        .*#*#     
 ####=   . :     ..=####  ####      .  ##**     
 =####=.          =##*#=  *+#* . .     ####..  .
 :######        :######.  *+#*..       *###     
..+###################+.  ###*  .   .  +*##     
  :+#################=.  .*+##**#########+#     
 .   *##############.    .=-###*##***####:+     
..  . *###########=       :+-=###*#####+:-:.    
       .   ...        .   .-=+##**#*#**#+:..    
 .... .       .: . .     .   .    ..  :         
      .     . ..  .         .  .. . .      ..   
.. .        .   .  ..     .     .           .   
  .. .... . .  . . ...  .   . . .  . .. .. . .. 
   . ..  ... ..  .    .. : . .  .: .   :..:    .
...    .      . ..  .  .  ..  ... . ... . . ... 
   .: :  ...:   ..... ..  : .    :.      .. ....
.    ..           :     .  :              .:  . 
. .... ########### .. ....  #***++*=**+*#   ... 
...   #=+*++**=*=*#       . *:--:-:--:-:+ ..    
. : ##+**++++**+*++##  ...  +--::=:=---:*   ....
.   #*++****++*++**+#    .  +--==--:--=-+  .    
.. #++**+*=*+*=*+**=*#  .   *:--::--=--:*   . . 
.  ##+=**++*+=**++=*+# :    +-:---:----:+ .   ..
.. #=+*=+****+*=*+#+=#  ..  +----:------*  .. . 
 . #+*+*+++++*+*+*=+*# . .. +-:=:=:--:-:*  . .  
 . #+=*=**++=*+*=+++*#      +-:--:=-:--== . . . 
 .. #*=**+++*+++++++#  ..   *:-=:---:=:-*  ..  :
    ##+*=*+*=****+*## : . . +-=-:-:---===  : ...
. :   #++**++++++*#    . .  *:-=-=--=-::+    .. 
.  . . ###########   .. ..  +--:-::=:=--+   . ..
 :. ..            .  . : .. #+#+*+*+*=*+#   .  .
... . . .     ...  .: .  .               .:  . .
.  . .   ..  ... ..   .. .   .  :  : ..     ... 
  .   ..  ....  .  . . ..... ... . ..... : . . :
 .   .. .. ..    .  . .  .. .     ..  :  . .... 
.. :.    .. ..: .  .  ...   .. . .. :. .  . .   
  .  .. ...        . ..   ... .....   ....    . 
..   .   ..  .  ..    .   .. .. .  .....   ... .
.    .       . ... ....  ...    .   ...     :...
    ..........  .  ..    ...... .....    ....  .
 ...  ###########+      .  +############-       
.... #############  .  .. .#############- .   ..
.. #####++++**+++++#+  .. .##:::--:--::-  ......
   ####+****++++**+#*  ....##-=---:--=--      ..
. ###*+++++*++++**+*.      ##----::-==--   .    
..###++*++++++*+*+++*  .   ##--:::-==-::   .....
..##*+++++**++*++++++  ....##------=-::-   .. ..
  ##++*+***++**++++**   .. ##------=:::-   ..   
. ##+*+***==++*+++=+*      ##---:---::--  ..    
. +#*+++++++*+++=++*   .   ##------:---=  ... ..
   ##***++++**+*+*++   ....##-=-:----=--      . 
   **.+++*+++*+**+        .##-=---------     .. 
  ..  +++*++*+=++       .. ##:------=-::   . .  
......               ..... ##----::-:---   .  . 
.....              ...  .  --                 ..
        ..   ... . ....  .                  ....
      ..... ..   .    . .. ... ..........   ... 
  . ..... ...   .   ..  .....    ..  .  ...:.. .
....... ....  ...  .....    .    .       ...    
.......    .  ... .:....      ..... .. ...     .
                                                
                                                
                                                
                     .......                    
                   ...........                  
                  ...:::::::...                 
                 ...:::---:::...                
                ...::-------::...               
                ..::--=====--::..               
               ...:--=+++++=--:...              
               ..::-=+++*+++=-::..              
               ..:--=++***++=--:..              
               ..:--=+*****+=--:..              
               ..:--=++***++=--:..              
               ..::-=+++*+++=-::..              
               ...:--=+++++=--:...              
                ..::--=====--::..               
                ...::-------::...               
                 ...:::---:::...                
                  ...:::::::...                 
                   ...........                  
                     .......                    
                                                
                                                
