0 1 1 1 1 0 0 0
................#................
...............###...............
..............##..#..............
.............##.####.............
............##..#...#............
...........##.####.###...........
..........##..#....#..#..........
.........##.####..######.........
........##..#...###.....#........
.......##.####.##..#...###.......
......##..#....#.####.##..#......
.....##.####..##.#....#.####.....
....##..#...###..##..##.#...#....
...##.####.##..###.###..##.###...
..##..#....#.###...#..###..#..#..
.##.####..##.#..#.#####..#######.
................#................
...............#.#...............
..............#...#..............
.............#.#.#.#.............
............#.......#............
...........#.#.....#.#...........
..........#...#...#...#..........
.........#.#.#.#.#.#.#.#.........
........#...............#........
.......#.#.............#.#.......
......#...#...........#...#......
.....#.#.#.#.........#.#.#.#.....
....#.......#.......#.......#....
...#.#.....#.#.....#.#.....#.#...
..#...#...#...#...#...#...#...#..
.#.#.#.#.#.#.#.#.#.#.#.#.#.#.#.#.
......
..#...
...#..
.###..
......
......
.#..#.
.o..o.
.#..#.
..oo..
.#..#.
..oo..
        
---~@---
        
